Analyzing carepulseapp...                                       

   info - Don't use 'BuildContext's across async gaps - lib\alertdetails.dart:37:28 - use_build_context_synchronously
warning - Unused import: 'dart:convert' - lib\alertlist.dart:1:8 - unused_import
   info - Don't use 'BuildContext's across async gaps - lib\alertlist.dart:41:30 - use_build_context_synchronously
   info - Don't use 'BuildContext's across async gaps - lib\alertlist.dart:47:28 - use_build_context_synchronously
   info - Angle brackets will be interpreted as HTML - lib\api_service.dart:132:26 - unintended_html_in_doc_comment
   info - Angle brackets will be interpreted as HTML - lib\api_service.dart:142:26 - unintended_html_in_doc_comment
   info - Angle brackets will be interpreted as HTML - lib\api_service.dart:190:37 - unintended_html_in_doc_comment
   info - Angle brackets will be interpreted as HTML - lib\api_service.dart:199:36 - unintended_html_in_doc_comment
   info - Angle brackets will be interpreted as HTML - lib\api_service.dart:239:27 - unintended_html_in_doc_comment
   info - Parameter 'key' could be a super parameter - lib\chatbot.dart:8:9 - use_super_parameters
warning - The value of the field '_isLoading' isn't used - lib\chatbot.dart:20:8 - unused_field
   info - Don't use 'BuildContext's across async gaps - lib\chatbot.dart:253:30 - use_build_context_synchronously
   info - 'withOpacity' is deprecated and shouldn't be used. Use .withValues() to avoid precision loss - lib\chatbot.dart:288:45 - deprecated_member_use
   info - 'withOpacity' is deprecated and shouldn't be used. Use .withValues() to avoid precision loss - lib\chatbot.dart:299:41 - deprecated_member_use
   info - 'withOpacity' is deprecated and shouldn't be used. Use .withValues() to avoid precision loss - lib\chatbot.dart:301:60 - deprecated_member_use
   info - 'withOpacity' is deprecated and shouldn't be used. Use .withValues() to avoid precision loss - lib\chatbot.dart:329:45 - deprecated_member_use
   info - 'withOpacity' is deprecated and shouldn't be used. Use .withValues() to avoid precision loss - lib\chatbot.dart:367:45 - deprecated_member_use
   info - 'withOpacity' is deprecated and shouldn't be used. Use .withValues() to avoid precision loss - lib\chatbot.dart:394:57 - deprecated_member_use
   info - 'withOpacity' is deprecated and shouldn't be used. Use .withValues() to avoid precision loss - lib\chatbot.dart:426:45 - deprecated_member_use
   info - 'withOpacity' is deprecated and shouldn't be used. Use .withValues() to avoid precision loss - lib\chatbot.dart:430:47 - deprecated_member_use
   info - 'withOpacity' is deprecated and shouldn't be used. Use .withValues() to avoid precision loss - lib\chatbot.dart:447:47 - deprecated_member_use
   info - 'withOpacity' is deprecated and shouldn't be used. Use .withValues() to avoid precision loss - lib\chatbot.dart:474:45 - deprecated_member_use
   info - 'withOpacity' is deprecated and shouldn't be used. Use .withValues() to avoid precision loss - lib\chatbot.dart:480:44 - deprecated_member_use
   info - 'withOpacity' is deprecated and shouldn't be used. Use .withValues() to avoid precision loss - lib\chatbot.dart:481:44 - deprecated_member_use
   info - 'withOpacity' is deprecated and shouldn't be used. Use .withValues() to avoid precision loss - lib\chatbot.dart:495:39 - deprecated_member_use
   info - 'withOpacity' is deprecated and shouldn't be used. Use .withValues() to avoid precision loss - lib\chatbot.dart:609:31 - deprecated_member_use
   info - 'withOpacity' is deprecated and shouldn't be used. Use .withValues() to avoid precision loss - lib\chatbot.dart:649:66 - deprecated_member_use
   info - 'withOpacity' is deprecated and shouldn't be used. Use .withValues() to avoid precision loss - lib\chatbot.dart:657:43 - deprecated_member_use
   info - 'withOpacity' is deprecated and shouldn't be used. Use .withValues() to avoid precision loss - lib\chatbot.dart:659:62 - deprecated_member_use
   info - 'withOpacity' is deprecated and shouldn't be used. Use .withValues() to avoid precision loss - lib\chatbot.dart:669:66 - deprecated_member_use
   info - 'withOpacity' is deprecated and shouldn't be used. Use .withValues() to avoid precision loss - lib\chatbot.dart:707:30 - deprecated_member_use
   info - 'withOpacity' is deprecated and shouldn't be used. Use .withValues() to avoid precision loss - lib\chatbot.dart:718:57 - deprecated_member_use
   info - 'withOpacity' is deprecated and shouldn't be used. Use .withValues() to avoid precision loss - lib\chatbot.dart:734:31 - deprecated_member_use
   info - Unnecessary braces in a string interpolation - lib\dietplan.dart:48:38 - unnecessary_brace_in_string_interps
   info - Don't use 'BuildContext's across async gaps - lib\dietplan.dart:101:26 - use_build_context_synchronously
   info - Don't invoke 'print' in production code - lib\fcmtoken.dart:145:7 - avoid_print
   info - Don't invoke 'print' in production code - lib\fcmtoken.dart:155:9 - avoid_print
   info - Don't invoke 'print' in production code - lib\fcmtoken.dart:158:9 - avoid_print
   info - Don't invoke 'print' in production code - lib\fcmtoken.dart:162:7 - avoid_print
   info - Don't invoke 'print' in production code - lib\fcmtoken.dart:179:11 - avoid_print
   info - Don't invoke 'print' in production code - lib\fcmtoken.dart:183:11 - avoid_print
   info - Don't invoke 'print' in production code - lib\fcmtoken.dart:186:9 - avoid_print
   info - Don't invoke 'print' in production code - lib\fcmtoken.dart:194:5 - avoid_print
   info - Don't invoke 'print' in production code - lib\fcmtoken.dart:195:5 - avoid_print
   info - Don't invoke 'print' in production code - lib\fcmtoken.dart:207:9 - avoid_print
   info - Don't invoke 'print' in production code - lib\fcmtoken.dart:211:13 - avoid_print
   info - Don't invoke 'print' in production code - lib\fcmtoken.dart:215:11 - avoid_print
   info - Don't invoke 'print' in production code - lib\fcmtoken.dart:230:7 - avoid_print
   info - Don't invoke 'print' in production code - lib\fcmtoken.dart:231:7 - avoid_print
   info - Don't invoke 'print' in production code - lib\fcmtoken.dart:232:7 - avoid_print
   info - Don't invoke 'print' in production code - lib\fcmtoken.dart:233:7 - avoid_print
   info - Don't invoke 'print' in production code - lib\fcmtoken.dart:234:7 - avoid_print
   info - Don't invoke 'print' in production code - lib\fcmtoken.dart:238:7 - avoid_print
   info - Don't invoke 'print' in production code - lib\fcmtoken.dart:243:7 - avoid_print
   info - Don't invoke 'print' in production code - lib\fcmtoken.dart:244:7 - avoid_print
   info - Don't invoke 'print' in production code - lib\fcmtoken.dart:245:7 - avoid_print
   info - Don't invoke 'print' in production code - lib\fcmtoken.dart:250:7 - avoid_print
   info - Don't invoke 'print' in production code - lib\fcmtoken.dart:259:9 - avoid_print
   info - Don't invoke 'print' in production code - lib\fcmtoken.dart:260:9 - avoid_print
   info - Don't invoke 'print' in production code - lib\fcmtoken.dart:261:9 - avoid_print
   info - Don't invoke 'print' in production code - lib\fcmtoken.dart:266:7 - avoid_print
   info - Don't invoke 'print' in production code - lib\fcmtoken.dart:281:9 - avoid_print
   info - Don't invoke 'print' in production code - lib\fcmtoken.dart:327:7 - avoid_print
   info - Don't invoke 'print' in production code - lib\fcmtoken.dart:338:5 - avoid_print
   info - The 'if' statement could be replaced by a null-aware assignment - lib\fcmtoken.dart:348:7 - prefer_conditional_assignment
   info - Don't invoke 'print' in production code - lib\fcmtoken.dart:353:9 - avoid_print
   info - Don't invoke 'print' in production code - lib\fcmtoken.dart:357:7 - avoid_print
   info - Don't invoke 'print' in production code - lib\fcmtoken.dart:373:9 - avoid_print
   info - Don't invoke 'print' in production code - lib\fcmtoken.dart:376:9 - avoid_print
   info - Don't invoke 'print' in production code - lib\fcmtoken.dart:381:7 - avoid_print
   info - Don't invoke 'print' in production code - lib\fcmtoken.dart:390:7 - avoid_print
   info - Don't invoke 'print' in production code - lib\fcmtoken.dart:392:7 - avoid_print
   info - Don't invoke 'print' in production code - lib\fcmtoken.dart:400:7 - avoid_print
   info - Don't invoke 'print' in production code - lib\fcmtoken.dart:402:7 - avoid_print
   info - Don't invoke 'print' in production code - lib\fcmtoken.dart:411:7 - avoid_print
   info - Don't invoke 'print' in production code - lib\fcmtoken.dart:413:7 - avoid_print
   info - Don't invoke 'print' in production code - lib\fcmtoken.dart:424:7 - avoid_print
warning - Unused import: 'package:carepulseapp/alertlist.dart' - lib\home.dart:2:8 - unused_import
   info - 'withOpacity' is deprecated and shouldn't be used. Use .withValues() to avoid precision loss - lib\home.dart:177:52 - deprecated_member_use
   info - 'withOpacity' is deprecated and shouldn't be used. Use .withValues() to avoid precision loss - lib\home.dart:243:50 - deprecated_member_use
   info - 'withOpacity' is deprecated and shouldn't be used. Use .withValues() to avoid precision loss - lib\home.dart:265:54 - deprecated_member_use
   info - 'withOpacity' is deprecated and shouldn't be used. Use .withValues() to avoid precision loss - lib\home.dart:267:62 - deprecated_member_use
   info - 'withOpacity' is deprecated and shouldn't be used. Use .withValues() to avoid precision loss - lib\home.dart:379:56 - deprecated_member_use
   info - 'withOpacity' is deprecated and shouldn't be used. Use .withValues() to avoid precision loss - lib\home.dart:381:64 - deprecated_member_use
   info - 'withOpacity' is deprecated and shouldn't be used. Use .withValues() to avoid precision loss - lib\home.dart:388:62 - deprecated_member_use
   info - 'withOpacity' is deprecated and shouldn't be used. Use .withValues() to avoid precision loss - lib\home.dart:421:80 - deprecated_member_use
   info - 'withOpacity' is deprecated and shouldn't be used. Use .withValues() to avoid precision loss - lib\home.dart:448:35 - deprecated_member_use
   info - 'withOpacity' is deprecated and shouldn't be used. Use .withValues() to avoid precision loss - lib\home.dart:450:54 - deprecated_member_use
   info - 'withOpacity' is deprecated and shouldn't be used. Use .withValues() to avoid precision loss - lib\home.dart:517:46 - deprecated_member_use
   info - 'withOpacity' is deprecated and shouldn't be used. Use .withValues() to avoid precision loss - lib\home.dart:519:54 - deprecated_member_use
warning - The declaration '_buildStatCard' isn't referenced - lib\home.dart:582:10 - unused_element
   info - 'withOpacity' is deprecated and shouldn't be used. Use .withValues() to avoid precision loss - lib\home.dart:600:46 - deprecated_member_use
   info - 'withOpacity' is deprecated and shouldn't be used. Use .withValues() to avoid precision loss - lib\home.dart:602:54 - deprecated_member_use
   info - 'withOpacity' is deprecated and shouldn't be used. Use .withValues() to avoid precision loss - lib\login.dart:296:60 - deprecated_member_use
   info - Parameter 'key' could be a super parameter - lib\login.dart:327:9 - use_super_parameters
   info - 'withOpacity' is deprecated and shouldn't be used. Use .withValues() to avoid precision loss - lib\login.dart:368:46 - deprecated_member_use
   info - The file name 'loginApi.dart' isn't a lower_case_with_underscores identifier - lib\loginApi.dart:1:1 - file_names
   info - Don't invoke 'print' in production code - lib\loginApi.dart:35:3 - avoid_print
   info - Don't invoke 'print' in production code - lib\main.dart:15:3 - avoid_print
   info - Don't invoke 'print' in production code - lib\main.dart:16:3 - avoid_print
   info - Don't invoke 'print' in production code - lib\main.dart:19:5 - avoid_print
   info - Don't invoke 'print' in production code - lib\main.dart:20:5 - avoid_print
   info - Don't invoke 'print' in production code - lib\main.dart:24:5 - avoid_print
   info - Don't invoke 'print' in production code - lib\main.dart:37:5 - avoid_print
   info - Don't invoke 'print' in production code - lib\main.dart:44:7 - avoid_print
   info - Don't invoke 'print' in production code - lib\main.dart:49:5 - avoid_print
   info - 'withOpacity' is deprecated and shouldn't be used. Use .withValues() to avoid precision loss - lib\medicine_reminder.dart:117:56 - deprecated_member_use
   info - 'withOpacity' is deprecated and shouldn't be used. Use .withValues() to avoid precision loss - lib\medicine_reminder.dart:166:49 - deprecated_member_use
   info - 'withOpacity' is deprecated and shouldn't be used. Use .withValues() to avoid precision loss - lib\medicine_reminder.dart:168:68 - deprecated_member_use
   info - 'activeColor' is deprecated and shouldn't be used. Use activeThumbColor instead. This feature was deprecated after v3.31.0-2.0.pre - lib\medicine_reminder.dart:251:35 - deprecated_member_use
   info - 'withOpacity' is deprecated and shouldn't be used. Use .withValues() to avoid precision loss - lib\medicine_reminder.dart:492:56 - deprecated_member_use
   info - 'withOpacity' is deprecated and shouldn't be used. Use .withValues() to avoid precision loss - lib\medicine_reminder.dart:521:39 - deprecated_member_use
   info - Don't invoke 'print' in production code - lib\medicine_reminder.dart:556:21 - avoid_print
   info - Don't invoke 'print' in production code - lib\medicine_reminder.dart:559:21 - avoid_print
   info - Don't invoke 'print' in production code - lib\medicine_reminder.dart:560:21 - avoid_print
   info - Don't invoke 'print' in production code - lib\medicine_reminder.dart:571:21 - avoid_print
   info - Don't invoke 'print' in production code - lib\medicine_reminder.dart:573:23 - avoid_print
   info - Don't use 'BuildContext's across async gaps - lib\medicine_reminder.dart:575:42 - use_build_context_synchronously
   info - 'withOpacity' is deprecated and shouldn't be used. Use .withValues() to avoid precision loss - lib\medicine_reminder.dart:599:31 - deprecated_member_use
   info - 'withOpacity' is deprecated and shouldn't be used. Use .withValues() to avoid precision loss - lib\medicine_reminder.dart:618:52 - deprecated_member_use
   info - Parameter 'key' could be a super parameter - lib\predictionhistory.dart:9:9 - use_super_parameters
   info - 'withOpacity' is deprecated and shouldn't be used. Use .withValues() to avoid precision loss - lib\predictionhistory.dart:132:53 - deprecated_member_use
   info - 'withOpacity' is deprecated and shouldn't be used. Use .withValues() to avoid precision loss - lib\predictionhistory.dart:145:80 - deprecated_member_use
   info - 'withOpacity' is deprecated and shouldn't be used. Use .withValues() to avoid precision loss - lib\predictionhistory.dart:195:36 - deprecated_member_use
   info - 'withOpacity' is deprecated and shouldn't be used. Use .withValues() to avoid precision loss - lib\predictionhistory.dart:267:18 - deprecated_member_use
   info - 'withOpacity' is deprecated and shouldn't be used. Use .withValues() to avoid precision loss - lib\predictionhistory.dart:269:37 - deprecated_member_use
   info - 'withOpacity' is deprecated and shouldn't be used. Use .withValues() to avoid precision loss - lib\predictionhistory.dart:290:22 - deprecated_member_use
   info - 'withOpacity' is deprecated and shouldn't be used. Use .withValues() to avoid precision loss - lib\predictionhistory.dart:359:80 - deprecated_member_use
   info - 'withOpacity' is deprecated and shouldn't be used. Use .withValues() to avoid precision loss - lib\predictionhistory.dart:374:70 - deprecated_member_use
   info - The import of 'dart:ui' is unnecessary because all of the used elements are also provided by the import of 'package:flutter/material.dart' - lib\profile.dart:1:8 - unnecessary_import
   info - Parameter 'key' could be a super parameter - lib\profile.dart:9:9 - use_super_parameters
   info - 'withOpacity' is deprecated and shouldn't be used. Use .withValues() to avoid precision loss - lib\profile.dart:186:65 - deprecated_member_use
   info - 'withOpacity' is deprecated and shouldn't be used. Use .withValues() to avoid precision loss - lib\profile.dart:208:46 - deprecated_member_use
   info - 'withOpacity' is deprecated and shouldn't be used. Use .withValues() to avoid precision loss - lib\profile.dart:210:65 - deprecated_member_use
   info - 'withOpacity' is deprecated and shouldn't be used. Use .withValues() to avoid precision loss - lib\profile.dart:259:64 - deprecated_member_use
   info - 'withOpacity' is deprecated and shouldn't be used. Use .withValues() to avoid precision loss - lib\profile.dart:296:46 - deprecated_member_use
   info - Don't invoke 'print' in production code - lib\readings.dart:36:5 - avoid_print
   info - 'withOpacity' is deprecated and shouldn't be used. Use .withValues() to avoid precision loss - lib\readings.dart:147:33 - deprecated_member_use
   info - 'withOpacity' is deprecated and shouldn't be used. Use .withValues() to avoid precision loss - lib\readings.dart:158:36 - deprecated_member_use
   info - 'withOpacity' is deprecated and shouldn't be used. Use .withValues() to avoid precision loss - lib\screens\blood_input_screen.dart:126:49 - deprecated_member_use
   info - 'withOpacity' is deprecated and shouldn't be used. Use .withValues() to avoid precision loss - lib\screens\blood_input_screen.dart:202:44 - deprecated_member_use
  error - Expected to find ';' - lib\screens\health_home.dart:221:7 - expected_token
warning - Dead code - lib\screens\health_home.dart:221:8 - dead_code
  error - Expected an identifier - lib\screens\health_home.dart:221:8 - missing_identifier
  error - Expected to find ';' - lib\screens\health_home.dart:221:8 - expected_token
  error - Unexpected text ';' - lib\screens\health_home.dart:221:8 - unexpected_token
  error - Expected an identifier - lib\screens\health_home.dart:222:5 - missing_identifier
  error - Unexpected text ';' - lib\screens\health_home.dart:222:5 - unexpected_token
   info - Unnecessary empty statement - lib\screens\health_home.dart:222:6 - empty_statements
   info - 'withOpacity' is deprecated and shouldn't be used. Use .withValues() to avoid precision loss - lib\screens\health_home.dart:231:28 - deprecated_member_use
   info - 'withOpacity' is deprecated and shouldn't be used. Use .withValues() to avoid precision loss - lib\screens\health_home.dart:238:30 - deprecated_member_use
   info - 'withOpacity' is deprecated and shouldn't be used. Use .withValues() to avoid precision loss - lib\screens\health_home.dart:248:52 - deprecated_member_use
   info - Statements in an if should be enclosed in a block - lib\screens\health_home.dart:261:63 - curly_braces_in_flow_control_structures
   info - Statements in an if should be enclosed in a block - lib\screens\health_home.dart:262:70 - curly_braces_in_flow_control_structures
   info - 'withOpacity' is deprecated and shouldn't be used. Use .withValues() to avoid precision loss - lib\screens\health_home.dart:267:31 - deprecated_member_use
   info - 'withOpacity' is deprecated and shouldn't be used. Use .withValues() to avoid precision loss - lib\screens\health_home.dart:274:33 - deprecated_member_use
   info - 'withOpacity' is deprecated and shouldn't be used. Use .withValues() to avoid precision loss - lib\screens\health_home.dart:296:38 - deprecated_member_use
   info - 'withOpacity' is deprecated and shouldn't be used. Use .withValues() to avoid precision loss - lib\screens\health_home.dart:298:57 - deprecated_member_use
   info - 'withOpacity' is deprecated and shouldn't be used. Use .withValues() to avoid precision loss - lib\screens\health_home.dart:329:80 - deprecated_member_use
   info - 'withOpacity' is deprecated and shouldn't be used. Use .withValues() to avoid precision loss - lib\screens\health_home.dart:382:42 - deprecated_member_use
   info - Don't use 'BuildContext's across async gaps, guarded by an unrelated 'mounted' check - lib\screens\health_home.dart:398:52 - use_build_context_synchronously
   info - Statements in an if should be enclosed in a block - lib\screens\health_home.dart:400:20 - curly_braces_in_flow_control_structures
   info - Don't use 'BuildContext's across async gaps, guarded by an unrelated 'mounted' check - lib\screens\health_home.dart:400:41 - use_build_context_synchronously
   info - Don't use 'BuildContext's across async gaps, guarded by an unrelated 'mounted' check - lib\screens\health_home.dart:410:24 - use_build_context_synchronously
   info - Statements in an if should be enclosed in a block - lib\screens\health_home.dart:413:20 - curly_braces_in_flow_control_structures
   info - Don't use 'BuildContext's across async gaps, guarded by an unrelated 'mounted' check - lib\screens\health_home.dart:413:41 - use_build_context_synchronously
   info - 'withOpacity' is deprecated and shouldn't be used. Use .withValues() to avoid precision loss - lib\screens\prediction_result_screen.dart:100:49 - deprecated_member_use
   info - 'withOpacity' is deprecated and shouldn't be used. Use .withValues() to avoid precision loss - lib\screens\prediction_result_screen.dart:102:68 - deprecated_member_use
   info - 'withOpacity' is deprecated and shouldn't be used. Use .withValues() to avoid precision loss - lib\screens\prediction_result_screen.dart:247:26 - deprecated_member_use
   info - 'withOpacity' is deprecated and shouldn't be used. Use .withValues() to avoid precision loss - lib\screens\prediction_result_screen.dart:259:32 - deprecated_member_use
   info - 'withOpacity' is deprecated and shouldn't be used. Use .withValues() to avoid precision loss - lib\screens\prediction_result_screen.dart:270:54 - deprecated_member_use
   info - 'withOpacity' is deprecated and shouldn't be used. Use .withValues() to avoid precision loss - lib\screens\prediction_result_screen.dart:295:49 - deprecated_member_use
   info - 'withOpacity' is deprecated and shouldn't be used. Use .withValues() to avoid precision loss - lib\screens\prediction_result_screen.dart:303:49 - deprecated_member_use
   info - 'withOpacity' is deprecated and shouldn't be used. Use .withValues() to avoid precision loss - lib\screens\prediction_result_screen.dart:319:26 - deprecated_member_use
   info - 'withOpacity' is deprecated and shouldn't be used. Use .withValues() to avoid precision loss - lib\screens\prediction_result_screen.dart:329:32 - deprecated_member_use
   info - 'withOpacity' is deprecated and shouldn't be used. Use .withValues() to avoid precision loss - lib\screens\prediction_result_screen.dart:358:36 - deprecated_member_use
   info - 'withOpacity' is deprecated and shouldn't be used. Use .withValues() to avoid precision loss - lib\screens\prediction_result_screen.dart:368:43 - deprecated_member_use
   info - 'withOpacity' is deprecated and shouldn't be used. Use .withValues() to avoid precision loss - lib\screens\prediction_result_screen.dart:396:46 - deprecated_member_use
   info - 'withOpacity' is deprecated and shouldn't be used. Use .withValues() to avoid precision loss - lib\screens\report_upload_screen.dart:144:75 - deprecated_member_use
   info - 'withOpacity' is deprecated and shouldn't be used. Use .withValues() to avoid precision loss - lib\screens\report_upload_screen.dart:147:77 - deprecated_member_use
   info - 'withOpacity' is deprecated and shouldn't be used. Use .withValues() to avoid precision loss - lib\screens\report_upload_screen.dart:190:56 - deprecated_member_use
   info - 'withOpacity' is deprecated and shouldn't be used. Use .withValues() to avoid precision loss - lib\screens\report_upload_screen.dart:202:37 - deprecated_member_use
   info - 'withOpacity' is deprecated and shouldn't be used. Use .withValues() to avoid precision loss - lib\screens\report_upload_screen.dart:217:60 - deprecated_member_use
   info - 'withOpacity' is deprecated and shouldn't be used. Use .withValues() to avoid precision loss - lib\screens\report_upload_screen.dart:232:37 - deprecated_member_use
   info - 'withOpacity' is deprecated and shouldn't be used. Use .withValues() to avoid precision loss - lib\screens\report_upload_screen.dart:234:56 - deprecated_member_use
   info - 'withOpacity' is deprecated and shouldn't be used. Use .withValues() to avoid precision loss - lib\screens\report_upload_screen.dart:244:45 - deprecated_member_use
   info - 'withOpacity' is deprecated and shouldn't be used. Use .withValues() to avoid precision loss - lib\screens\report_upload_screen.dart:284:45 - deprecated_member_use
   info - Parameter 'key' could be a super parameter - lib\screens\robo_mode_screen.dart:12:9 - use_super_parameters
warning - The value of the field '_isListening' isn't used - lib\screens\robo_mode_screen.dart:22:8 - unused_field
   info - 'partialResults' is deprecated and shouldn't be used. Use SpeechListenOptions.partialResults instead - lib\screens\robo_mode_screen.dart:170:7 - deprecated_member_use
   info - Don't invoke 'print' in production code - lib\screens\robo_mode_screen.dart:201:7 - avoid_print
   info - Don't invoke 'print' in production code - lib\screens\robo_mode_screen.dart:202:7 - avoid_print
   info - Don't invoke 'print' in production code - lib\screens\robo_mode_screen.dart:203:7 - avoid_print
   info - 'withOpacity' is deprecated and shouldn't be used. Use .withValues() to avoid precision loss - lib\screens\robo_mode_screen.dart:269:45 - deprecated_member_use
   info - 'withOpacity' is deprecated and shouldn't be used. Use .withValues() to avoid precision loss - lib\widgets\glass_card.dart:24:38 - deprecated_member_use
   info - 'withOpacity' is deprecated and shouldn't be used. Use .withValues() to avoid precision loss - lib\widgets\glass_card.dart:27:46 - deprecated_member_use
   info - 'withOpacity' is deprecated and shouldn't be used. Use .withValues() to avoid precision loss - lib\widgets\input_field.dart:26:50 - deprecated_member_use
   info - 'withOpacity' is deprecated and shouldn't be used. Use .withValues() to avoid precision loss - lib\widgets\input_field.dart:34:37 - deprecated_member_use
   info - 'withOpacity' is deprecated and shouldn't be used. Use .withValues() to avoid precision loss - lib\widgets\input_field.dart:51:58 - deprecated_member_use
   info - 'withOpacity' is deprecated and shouldn't be used. Use .withValues() to avoid precision loss - lib\widgets\risk_card.dart:31:41 - deprecated_member_use
   info - 'withOpacity' is deprecated and shouldn't be used. Use .withValues() to avoid precision loss - lib\widgets\risk_card.dart:34:26 - deprecated_member_use
   info - 'withOpacity' is deprecated and shouldn't be used. Use .withValues() to avoid precision loss - lib\widgets\risk_card.dart:54:28 - deprecated_member_use
  error - The named parameter 'isLoggedIn' is required, but there's no corresponding argument - test\widget_test.dart:16:35 - missing_required_argument

